Archive member included to satisfy reference by file (symbol)

C:/ST/STM32CubeIDE_1.14.1/STM32CubeIDE/plugins/com.st.stm32cube.ide.mcu.externaltools.gnu-tools-for-stm32.11.3.rel1.win32_1.1.100.202309141235/tools/bin/../lib/gcc/arm-none-eabi/11.3.1/../../../../arm-none-eabi/lib/thumb/v7-m/nofp\libc_nano.a(libc_a-exit.o)
                              C:/ST/STM32CubeIDE_1.14.1/STM32CubeIDE/plugins/com.st.stm32cube.ide.mcu.externaltools.gnu-tools-for-stm32.11.3.rel1.win32_1.1.100.202309141235/tools/bin/../lib/gcc/arm-none-eabi/11.3.1/../../../../arm-none-eabi/lib/thumb/v7-m/nofp/crt0.o (exit)
C:/ST/STM32CubeIDE_1.14.1/STM32CubeIDE/plugins/com.st.stm32cube.ide.mcu.externaltools.gnu-tools-for-stm32.11.3.rel1.win32_1.1.100.202309141235/tools/bin/../lib/gcc/arm-none-eabi/11.3.1/../../../../arm-none-eabi/lib/thumb/v7-m/nofp\libc_nano.a(libc_a-findfp.o)
                              C:/ST/STM32CubeIDE_1.14.1/STM32CubeIDE/plugins/com.st.stm32cube.ide.mcu.externaltools.gnu-tools-for-stm32.11.3.rel1.win32_1.1.100.202309141235/tools/bin/../lib/gcc/arm-none-eabi/11.3.1/../../../../arm-none-eabi/lib/thumb/v7-m/nofp\libc_nano.a(libc_a-exit.o) (__stdio_exit_handler)
C:/ST/STM32CubeIDE_1.14.1/STM32CubeIDE/plugins/com.st.stm32cube.ide.mcu.externaltools.gnu-tools-for-stm32.11.3.rel1.win32_1.1.100.202309141235/tools/bin/../lib/gcc/arm-none-eabi/11.3.1/../../../../arm-none-eabi/lib/thumb/v7-m/nofp\libc_nano.a(libc_a-fwalk.o)
                              C:/ST/STM32CubeIDE_1.14.1/STM32CubeIDE/plugins/com.st.stm32cube.ide.mcu.externaltools.gnu-tools-for-stm32.11.3.rel1.win32_1.1.100.202309141235/tools/bin/../lib/gcc/arm-none-eabi/11.3.1/../../../../arm-none-eabi/lib/thumb/v7-m/nofp\libc_nano.a(libc_a-findfp.o) (_fwalk_sglue)
C:/ST/STM32CubeIDE_1.14.1/STM32CubeIDE/plugins/com.st.stm32cube.ide.mcu.externaltools.gnu-tools-for-stm32.11.3.rel1.win32_1.1.100.202309141235/tools/bin/../lib/gcc/arm-none-eabi/11.3.1/../../../../arm-none-eabi/lib/thumb/v7-m/nofp\libc_nano.a(libc_a-stdio.o)
                              C:/ST/STM32CubeIDE_1.14.1/STM32CubeIDE/plugins/com.st.stm32cube.ide.mcu.externaltools.gnu-tools-for-stm32.11.3.rel1.win32_1.1.100.202309141235/tools/bin/../lib/gcc/arm-none-eabi/11.3.1/../../../../arm-none-eabi/lib/thumb/v7-m/nofp\libc_nano.a(libc_a-findfp.o) (__sread)
C:/ST/STM32CubeIDE_1.14.1/STM32CubeIDE/plugins/com.st.stm32cube.ide.mcu.externaltools.gnu-tools-for-stm32.11.3.rel1.win32_1.1.100.202309141235/tools/bin/../lib/gcc/arm-none-eabi/11.3.1/../../../../arm-none-eabi/lib/thumb/v7-m/nofp\libc_nano.a(libc_a-memset.o)
                              C:/ST/STM32CubeIDE_1.14.1/STM32CubeIDE/plugins/com.st.stm32cube.ide.mcu.externaltools.gnu-tools-for-stm32.11.3.rel1.win32_1.1.100.202309141235/tools/bin/../lib/gcc/arm-none-eabi/11.3.1/../../../../arm-none-eabi/lib/thumb/v7-m/nofp/crt0.o (memset)
C:/ST/STM32CubeIDE_1.14.1/STM32CubeIDE/plugins/com.st.stm32cube.ide.mcu.externaltools.gnu-tools-for-stm32.11.3.rel1.win32_1.1.100.202309141235/tools/bin/../lib/gcc/arm-none-eabi/11.3.1/../../../../arm-none-eabi/lib/thumb/v7-m/nofp\libc_nano.a(libc_a-closer.o)
                              C:/ST/STM32CubeIDE_1.14.1/STM32CubeIDE/plugins/com.st.stm32cube.ide.mcu.externaltools.gnu-tools-for-stm32.11.3.rel1.win32_1.1.100.202309141235/tools/bin/../lib/gcc/arm-none-eabi/11.3.1/../../../../arm-none-eabi/lib/thumb/v7-m/nofp\libc_nano.a(libc_a-stdio.o) (_close_r)
C:/ST/STM32CubeIDE_1.14.1/STM32CubeIDE/plugins/com.st.stm32cube.ide.mcu.externaltools.gnu-tools-for-stm32.11.3.rel1.win32_1.1.100.202309141235/tools/bin/../lib/gcc/arm-none-eabi/11.3.1/../../../../arm-none-eabi/lib/thumb/v7-m/nofp\libc_nano.a(libc_a-reent.o)
                              C:/ST/STM32CubeIDE_1.14.1/STM32CubeIDE/plugins/com.st.stm32cube.ide.mcu.externaltools.gnu-tools-for-stm32.11.3.rel1.win32_1.1.100.202309141235/tools/bin/../lib/gcc/arm-none-eabi/11.3.1/../../../../arm-none-eabi/lib/thumb/v7-m/nofp\libc_nano.a(libc_a-closer.o) (errno)
C:/ST/STM32CubeIDE_1.14.1/STM32CubeIDE/plugins/com.st.stm32cube.ide.mcu.externaltools.gnu-tools-for-stm32.11.3.rel1.win32_1.1.100.202309141235/tools/bin/../lib/gcc/arm-none-eabi/11.3.1/../../../../arm-none-eabi/lib/thumb/v7-m/nofp\libc_nano.a(libc_a-impure.o)
                              C:/ST/STM32CubeIDE_1.14.1/STM32CubeIDE/plugins/com.st.stm32cube.ide.mcu.externaltools.gnu-tools-for-stm32.11.3.rel1.win32_1.1.100.202309141235/tools/bin/../lib/gcc/arm-none-eabi/11.3.1/../../../../arm-none-eabi/lib/thumb/v7-m/nofp\libc_nano.a(libc_a-reent.o) (_impure_ptr)
C:/ST/STM32CubeIDE_1.14.1/STM32CubeIDE/plugins/com.st.stm32cube.ide.mcu.externaltools.gnu-tools-for-stm32.11.3.rel1.win32_1.1.100.202309141235/tools/bin/../lib/gcc/arm-none-eabi/11.3.1/../../../../arm-none-eabi/lib/thumb/v7-m/nofp\libc_nano.a(libc_a-lseekr.o)
[...]
Memory Configuration

Name             Origin             Length             Attributes
RAM              0x0000000020000000 0x0000000000002800 xrw
FLASH            0x0000000008000000 0x0000000000008000 xr
*default*        0x0000000000000000 0xffffffffffffffff

Linker script and memory map

LOAD C:/ST/STM32CubeIDE_1.14.1/STM32CubeIDE/plugins/com.st.stm32cube.ide.mcu.externaltools.gnu-tools-for-stm32.11.3.rel1.win32_1.1.100.202309141235/tools/bin/../lib/gcc/arm-none-eabi/11.3.1/thumb/v7-m/nofp/crti.o
LOAD C:/ST/STM32CubeIDE_1.14.1/STM32CubeIDE/plugins/com.st.stm32cube.ide.mcu.externaltools.gnu-tools-for-stm32.11.3.rel1.win32_1.1.100.202309141235/tools/bin/../lib/gcc/arm-none-eabi/11.3.1/thumb/v7-m/nofp/crtbegin.o
LOAD C:/ST/STM32CubeIDE_1.14.1/STM32CubeIDE/plugins/com.st.stm32cube.ide.mcu.externaltools.gnu-tools-for-stm32.11.3.rel1.win32_1.1.100.202309141235/tools/bin/../lib/gcc/arm-none-eabi/11.3.1/../../../../arm-none-eabi/lib/thumb/v7-m/nofp/crt0.o
LOAD ./Core/Src/button.o
LOAD ./Core/Src/control_led.o
LOAD ./Core/Src/fsm_automatic.o
LOAD ./Core/Src/fsm_manual.o
LOAD ./Core/Src/global.o
LOAD ./Core/Src/main.o
LOAD ./Core/Src/software_timer.o
LOAD ./Core/Src/stm32f1xx_hal_msp.o
LOAD ./Core/Src/stm32f1xx_it.o
LOAD ./Core/Src/syscalls.o
LOAD ./Core/Src/sysmem.o
LOAD ./Core/Src/system_stm32f1xx.o
LOAD ./Core/Startup/startup_stm32f103c6tx.o
LOAD ./Drivers/STM32F1xx_HAL_Driver/Src/stm32f1xx_hal.o
LOAD ./Drivers/STM32F1xx_HAL_Driver/Src/stm32f1xx_hal_cortex.o
LOAD ./Drivers/STM32F1xx_HAL_Driver/Src/stm32f1xx_hal_dma.o
LOAD ./Drivers/STM32F1xx_HAL_Driver/Src/stm32f1xx_hal_exti.o
LOAD ./Drivers/STM32F1xx_HAL_Driver/Src/stm32f1xx_hal_flash.o
LOAD ./Drivers/STM32F1xx_HAL_Driver/Src/stm32f1xx_hal_flash_ex.o
LOAD ./Drivers/STM32F1xx_HAL_Driver/Src/stm32f1xx_hal_gpio.o
LOAD ./Drivers/STM32F1xx_HAL_Driver/Src/stm32f1xx_hal_gpio_ex.o
LOAD ./Drivers/STM32F1xx_HAL_Driver/Src/stm32f1xx_hal_pwr.o
LOAD ./Drivers/STM32F1xx_HAL_Driver/Src/stm32f1xx_hal_rcc.o
LOAD ./Drivers/STM32F1xx_HAL_Driver/Src/stm32f1xx_hal_rcc_ex.o
LOAD ./Drivers/STM32F1xx_HAL_Driver/Src/stm32f1xx_hal_tim.o
LOAD ./Drivers/STM32F1xx_HAL_Driver/Src/stm32f1xx_hal_tim_ex.o
START GROUP
LOAD C:/ST/STM32CubeIDE_1.14.1/STM32CubeIDE/plugins/com.st.stm32cube.ide.mcu.externaltools.gnu-tools-for-stm32.11.3.rel1.win32_1.1.100.202309141235/tools/bin/../lib/gcc/arm-none-eabi/11.3.1/../../../../arm-none-eabi/lib/thumb/v7-m/nofp\libc_nano.a
LOAD C:/ST/STM32CubeIDE_1.14.1/STM32CubeIDE/plugins/com.st.stm32cube.ide.mcu.externaltools.gnu-tools-for-stm32.11.3.rel1.win32_1.1.100.202309141235/tools/bin/../lib/gcc/arm-none-eabi/11.3.1/../../../../arm-none-eabi/lib/thumb/v7-m/nofp\libm.a
END GROUP
START GROUP
LOAD C:/ST/STM32CubeIDE_1.14.1/STM32CubeIDE/plugins/com.st.stm32cube.ide.mcu.externaltools.gnu-tools-for-stm32.11.3.rel1.win32_1.1.100.202309141235/tools/bin/../lib/gcc/arm-none-eabi/11.3.1/thumb/v7-m/nofp\libgcc.a
LOAD C:/ST/STM32CubeIDE_1.14.1/STM32CubeIDE/plugins/com.st.stm32cube.ide.mcu.externaltools.gnu-tools-for-stm32.11.3.rel1.win32_1.1.100.202309141235/tools/bin/../lib/gcc/arm-none-eabi/11.3.1/../../../../arm-none-eabi/lib/thumb/v7-m/nofp\libc_nano.a
END GROUP
START GROUP
LOAD C:/ST/STM32CubeIDE_1.14.1/STM32CubeIDE/plugins/com.st.stm32cube.ide.mcu.externaltools.gnu-tools-for-stm32.11.3.rel1.win32_1.1.100.202309141235/tools/bin/../lib/gcc/arm-none-eabi/11.3.1/thumb/v7-m/nofp\libgcc.a
LOAD C:/ST/STM32CubeIDE_1.14.1/STM32CubeIDE/plugins/com.st.stm32cube.ide.mcu.externaltools.gnu-tools-for-stm32.11.3.rel1.win32_1.1.100.202309141235/tools/bin/../lib/gcc/arm-none-eabi/11.3.1/../../../../arm-none-eabi/lib/thumb/v7-m/nofp\libc_nano.a
LOAD C:/ST/STM32CubeIDE_1.14.1/STM32CubeIDE/plugins/com.st.stm32cube.ide.mcu.externaltools.gnu-tools-for-stm32.11.3.rel1.win32_1.1.100.202309141235/tools/bin/../lib/gcc/arm-none-eabi/11.3.1/../../../../arm-none-eabi/lib/thumb/v7-m/nofp\libnosys.a
END GROUP
START GROUP
LOAD C:/ST/STM32CubeIDE_1.14.1/STM32CubeIDE/plugins/com.st.stm32cube.ide.mcu.externaltools.gnu-tools-for-stm32.11.3.rel1.win32_1.1.100.202309141235/tools/bin/../lib/gcc/arm-none-eabi/11.3.1/thumb/v7-m/nofp\libgcc.a
LOAD C:/ST/STM32CubeIDE_1.14.1/STM32CubeIDE/plugins/com.st.stm32cube.ide.mcu.externaltools.gnu-tools-for-stm32.11.3.rel1.win32_1.1.100.202309141235/tools/bin/../lib/gcc/arm-none-eabi/11.3.1/../../../../arm-none-eabi/lib/thumb/v7-m/nofp\libc_nano.a
LOAD C:/ST/STM32CubeIDE_1.14.1/STM32CubeIDE/plugins/com.st.stm32cube.ide.mcu.externaltools.gnu-tools-for-stm32.11.3.rel1.win32_1.1.100.202309141235/tools/bin/../lib/gcc/arm-none-eabi/11.3.1/../../../../arm-none-eabi/lib/thumb/v7-m/nofp\libnosys.a
END GROUP
LOAD C:/ST/STM32CubeIDE_1.14.1/STM32CubeIDE/plugins/com.st.stm32cube.ide.mcu.externaltools.gnu-tools-for-stm32.11.3.rel1.win32_1.1.100.202309141235/tools/bin/../lib/gcc/arm-none-eabi/11.3.1/thumb/v7-m/nofp/crtend.o
LOAD C:/ST/STM32CubeIDE_1.14.1/STM32CubeIDE/plugins/com.st.stm32cube.ide.mcu.externaltools.gnu-tools-for-stm32.11.3.rel1.win32_1.1.100.202309141235/tools/bin/../lib/gcc/arm-none-eabi/11.3.1/thumb/v7-m/nofp/crtn.o
                0x0000000020002800                _estack = (ORIGIN (RAM) + LENGTH (RAM))
                0x0000000000000200                _Min_Heap_Size = 0x200
                0x0000000000000400                _Min_Stack_Size = 0x400

.isr_vector     0x0000000008000000      0x10c
                0x0000000008000000                . = ALIGN (0x4)
 *(.isr_vector)
 .isr_vector    0x0000000008000000      0x10c ./Core/Startup/startup_stm32f103c6tx.o
                0x0000000008000000                g_pfnVectors
                0x000000000800010c                . = ALIGN (0x4)

.text           0x0000000008000110     0x317c
                0x0000000008000110                . = ALIGN (0x4)
 *(.text)
 .text          0x0000000008000110       0x40 C:/ST/STM32CubeIDE_1.14.1/STM32CubeIDE/plugins/com.st.stm32cube.ide.mcu.externaltools.gnu-tools-for-stm32.11.3.rel1.win32_1.1.100.202309141235/tools/bin/../lib/gcc/arm-none-eabi/11.3.1/thumb/v7-m/nofp/crtbegin.o
 .text          0x0000000008000150      0x378 C:/ST/STM32CubeIDE_1.14.1/STM32CubeIDE/plugins/com.st.stm32cube.ide.mcu.externaltools.gnu-tools-for-stm32.11.3.rel1.win32_1.1.100.202309141235/tools/bin/../lib/gcc/arm-none-eabi/11.3.1/thumb/v7-m/nofp\libgcc.a(_arm_addsubdf3.o)
                0x0000000008000150                __aeabi_drsub
                0x0000000008000158                __aeabi_dsub
                0x0000000008000158                __subdf3
                0x000000000800015c                __aeabi_dadd
                0x000000000800015c                __adddf3
                0x00000000080003d4                __floatunsidf
                0x00000000080003d4                __aeabi_ui2d
                0x00000000080003f4                __floatsidf
                0x00000000080003f4                __aeabi_i2d
                0x0000000008000418                __aeabi_f2d
                0x0000000008000418                __extendsfdf2
                0x000000000800045c                __floatundidf
                0x000000000800045c                __aeabi_ul2d
                0x000000000800046c                __floatdidf
                0x000000000800046c                __aeabi_l2d
 .text          0x00000000080004c8      0x424 C:/ST/STM32CubeIDE_1.14.1/STM32CubeIDE/plugins/com.st.stm32cube.ide.mcu.externaltools.gnu-tools-for-stm32.11.3.rel1.win32_1.1.100.202309141235/tools/bin/../lib/gcc/arm-none-eabi/11.3.1/thumb/v7-m/nofp\libgcc.a(_arm_muldivdf3.o)
                0x00000000080004c8                __aeabi_dmul
                0x00000000080004c8                __muldf3
                0x000000000800071c                __divdf3
                0x000000000800071c                __aeabi_ddiv
 .text          0x00000000080008ec       0x50 C:/ST/STM32CubeIDE_1.14.1/STM32CubeIDE/plugins/com.st.stm32cube.ide.mcu.externaltools.gnu-tools-for-stm32.11.3.rel1.win32_1.1.100.202309141235/tools/bin/../lib/gcc/arm-none-eabi/11.3.1/thumb/v7-m/nofp\libgcc.a(_arm_fixdfsi.o)
                0x00000000080008ec                __aeabi_d2iz
                0x00000000080008ec                __fixdfsi
 *(.text*)
 .text.is_button_pressed
                0x000000000800093c       0x34 ./Core/Src/button.o
                0x000000000800093c                is_button_pressed
 .text.subKeyProcess
                0x0000000008000970       0x20 ./Core/Src/button.o
                0x0000000008000970                subKeyProcess
 .text.is_long_button_flag
                0x0000000008000990       0x24 ./Core/Src/button.o
                0x0000000008000990                is_long_button_flag
 .text.getKeyInput
                0x00000000080009b4      0x194 ./Core/Src/button.o
                0x00000000080009b4                getKeyInput
 .text.red_green
                0x0000000008000b48       0x54 ./Core/Src/control_led.o
                0x0000000008000b48                red_green
 .text.red_yellow
                0x0000000008000b9c       0x54 ./Core/Src/control_led.o
                0x0000000008000b9c                red_yellow
 .text.green_red
                0x0000000008000bf0       0x54 ./Core/Src/control_led.o
                0x0000000008000bf0                green_red
 .text.yellow_red
                0x0000000008000c44       0x54 ./Core/Src/control_led.o
                0x0000000008000c44                yellow_red
 .text.green_green
                0x0000000008000c98       0x50 ./Core/Src/control_led.o
                0x0000000008000c98                green_green
 .text.red_red  0x0000000008000ce8       0x50 ./Core/Src/control_led.o
                0x0000000008000ce8                red_red
 .text.yellow_yellow
                0x0000000008000d38       0x50 ./Core/Src/control_led.o
                0x0000000008000d38                yellow_yellow
 .text.update7SEG
                0x0000000008000d88      0x15c ./Core/Src/control_led.o
                0x0000000008000d88                update7SEG
 .text.update7SEG_2
                0x0000000008000ee4      0x154 ./Core/Src/control_led.o
                0x0000000008000ee4                update7SEG_2
 .text.display7SEG
                0x0000000008001038      0x11c ./Core/Src/control_led.o
                0x0000000008001038                display7SEG
 .text.fsm_automatic_run
                0x0000000008001154      0x20c ./Core/Src/fsm_automatic.o
                0x0000000008001154                fsm_automatic_run
 .text.handle7SEG
                0x0000000008001360       0x2c ./Core/Src/fsm_automatic.o
                0x0000000008001360                handle7SEG
 *fill*         0x000000000800138c        0x4 
 .text.fsm_manual_run
                0x0000000008001390      0x3a0 ./Core/Src/fsm_manual.o
                0x0000000008001390                fsm_manual_run
 .text.main     0x0000000008001730       0x28 ./Core/Src/main.o
                0x0000000008001730                main
 .text.SystemClock_Config
                0x0000000008001758       0x76 ./Core/Src/main.o
                0x0000000008001758                SystemClock_Config
 *fill*         0x00000000080017ce        0x2 
 .text.MX_TIM2_Init
                0x00000000080017d0       0x98 ./Core/Src/main.o
 .text.MX_GPIO_Init
                0x0000000008001868       0xc0 ./Core/Src/main.o
 .text.HAL_TIM_PeriodElapsedCallback
                0x0000000008001928       0x18 ./Core/Src/main.o
                0x0000000008001928                HAL_TIM_PeriodElapsedCallback
 .text.Error_Handler
                0x0000000008001940        0xa ./Core/Src/main.o
                0x0000000008001940                Error_Handler
 *fill*         0x000000000800194a        0x2 
 .text.setTimer0
                0x000000000800194c       0x28 ./Core/Src/software_timer.o
                0x000000000800194c                setTimer0
 .text.setTimer1
                0x0000000008001974       0x28 ./Core/Src/software_timer.o
                0x0000000008001974                setTimer1
 .text.setTimer2
                0x000000000800199c       0x28 ./Core/Src/software_timer.o
                0x000000000800199c                setTimer2
 .text.setTimer3
                0x00000000080019c4       0x28 ./Core/Src/software_timer.o
                0x00000000080019c4                setTimer3
 .text.timerRun
                0x00000000080019ec       0xd4 ./Core/Src/software_timer.o
                0x00000000080019ec                timerRun
 .text.HAL_MspInit
                0x0000000008001ac0       0x64 ./Core/Src/stm32f1xx_hal_msp.o
                0x0000000008001ac0                HAL_MspInit
 .text.HAL_TIM_Base_MspInit
                0x0000000008001b24       0x48 ./Core/Src/stm32f1xx_hal_msp.o
                0x0000000008001b24                HAL_TIM_Base_MspInit
 .text.NMI_Handler
                0x0000000008001b6c        0x6 ./Core/Src/stm32f1xx_it.o
                0x0000000008001b6c                NMI_Handler
 .text.HardFault_Handler
                0x0000000008001b72        0x6 ./Core/Src/stm32f1xx_it.o
                0x0000000008001b72                HardFault_Handler
 .text.MemManage_Handler
                0x0000000008001b78        0x6 ./Core/Src/stm32f1xx_it.o
                0x0000000008001b78                MemManage_Handler
 .text.BusFault_Handler
                0x0000000008001b7e        0x6 ./Core/Src/stm32f1xx_it.o
                0x0000000008001b7e                BusFault_Handler
 .text.UsageFault_Handler
                0x0000000008001b84        0x6 ./Core/Src/stm32f1xx_it.o
                0x0000000008001b84                UsageFault_Handler
 .text.SVC_Handler
                0x0000000008001b8a        0xc ./Core/Src/stm32f1xx_it.o
                0x0000000008001b8a                SVC_Handler
 .text.DebugMon_Handler
                0x0000000008001b96        0xc ./Core/Src/stm32f1xx_it.o
                0x0000000008001b96                DebugMon_Handler
 .text.PendSV_Handler
                0x0000000008001ba2        0xc ./Core/Src/stm32f1xx_it.o
                0x0000000008001ba2                PendSV_Handler
 .text.SysTick_Handler
                0x0000000008001bae        0xc ./Core/Src/stm32f1xx_it.o
                0x0000000008001bae                SysTick_Handler
 *fill*         0x0000000008001bba        0x2 
 .text.TIM2_IRQHandler
                0x0000000008001bbc       0x14 ./Core/Src/stm32f1xx_it.o
                0x0000000008001bbc                TIM2_IRQHandler
 .text.SystemInit
                0x0000000008001bd0        0xc ./Core/Src/system_stm32f1xx.o
                0x0000000008001bd0                SystemInit
 .text.Reset_Handler
                0x0000000008001bdc       0x48 ./Core/Startup/startup_stm32f103c6tx.o
                0x0000000008001bdc                Reset_Handler
 .text.Default_Handler
                0x0000000008001c24        0x2 ./Core/Startup/startup_stm32f103c6tx.o
                0x0000000008001c24                RTC_Alarm_IRQHandler
                0x0000000008001c24                EXTI2_IRQHandler
                0x0000000008001c24                TIM1_CC_IRQHandler
                0x0000000008001c24                PVD_IRQHandler
                0x0000000008001c24                EXTI3_IRQHandler
                0x0000000008001c24                EXTI0_IRQHandler
                0x0000000008001c24                ADC1_2_IRQHandler
                0x0000000008001c24                SPI1_IRQHandler
                0x0000000008001c24                TAMPER_IRQHandler
                0x0000000008001c24                DMA1_Channel4_IRQHandler
                0x0000000008001c24                RTC_IRQHandler
                0x0000000008001c24                DMA1_Channel7_IRQHandler
                0x0000000008001c24                CAN1_RX1_IRQHandler
                0x0000000008001c24                I2C1_EV_IRQHandler
                0x0000000008001c24                DMA1_Channel6_IRQHandler
                0x0000000008001c24                TIM3_IRQHandler
                0x0000000008001c24                RCC_IRQHandler
                0x0000000008001c24                TIM1_TRG_COM_IRQHandler
                0x0000000008001c24                DMA1_Channel1_IRQHandler
                0x0000000008001c24                Default_Handler
                0x0000000008001c24                EXTI15_10_IRQHandler
                0x0000000008001c24                EXTI9_5_IRQHandler
                0x0000000008001c24                DMA1_Channel5_IRQHandler
                0x0000000008001c24                EXTI4_IRQHandler
                0x0000000008001c24                USB_LP_CAN1_RX0_IRQHandler
                0x0000000008001c24                USB_HP_CAN1_TX_IRQHandler
                0x0000000008001c24                DMA1_Channel3_IRQHandler
                0x0000000008001c24                TIM1_UP_IRQHandler
                0x0000000008001c24                WWDG_IRQHandler
                0x0000000008001c24                TIM1_BRK_IRQHandler
                0x0000000008001c24                EXTI1_IRQHandler
                0x0000000008001c24                USART2_IRQHandler
                0x0000000008001c24                DMA1_Channel2_IRQHandler
                0x0000000008001c24                CAN1_SCE_IRQHandler
                0x0000000008001c24                FLASH_IRQHandler
                0x0000000008001c24                USART1_IRQHandler
                0x0000000008001c24                I2C1_ER_IRQHandler
                0x0000000008001c24                USBWakeUp_IRQHandler
 *fill*         0x0000000008001c26        0x2 
 .text.HAL_Init
                0x0000000008001c28       0x2c ./Drivers/STM32F1xx_HAL_Driver/Src/stm32f1xx_hal.o
                0x0000000008001c28                HAL_Init
 .text.HAL_InitTick
                0x0000000008001c54       0x60 ./Drivers/STM32F1xx_HAL_Driver/Src/stm32f1xx_hal.o
                0x0000000008001c54                HAL_InitTick
 .text.HAL_IncTick
                0x0000000008001cb4       0x24 ./Drivers/STM32F1xx_HAL_Driver/Src/stm32f1xx_hal.o
                0x0000000008001cb4                HAL_IncTick
 .text.HAL_GetTick
                0x0000000008001cd8       0x14 ./Drivers/STM32F1xx_HAL_Driver/Src/stm32f1xx_hal.o
                0x0000000008001cd8                HAL_GetTick
 .text.__NVIC_SetPriorityGrouping
                0x0000000008001cec       0x48 ./Drivers/STM32F1xx_HAL_Driver/Src/stm32f1xx_hal_cortex.o
 .text.__NVIC_GetPriorityGrouping
                0x0000000008001d34       0x1c ./Drivers/STM32F1xx_HAL_Driver/Src/stm32f1xx_hal_cortex.o
 .text.__NVIC_EnableIRQ
                0x0000000008001d50       0x38 ./Drivers/STM32F1xx_HAL_Driver/Src/stm32f1xx_hal_cortex.o
 .text.__NVIC_SetPriority
                0x0000000008001d88       0x54 ./Drivers/STM32F1xx_HAL_Driver/Src/stm32f1xx_hal_cortex.o
 .text.NVIC_EncodePriority
                0x0000000008001ddc       0x64 ./Drivers/STM32F1xx_HAL_Driver/Src/stm32f1xx_hal_cortex.o
 .text.SysTick_Config
                0x0000000008001e40       0x44 ./Drivers/STM32F1xx_HAL_Driver/Src/stm32f1xx_hal_cortex.o
 .text.HAL_NVIC_SetPriorityGrouping
                0x0000000008001e84       0x16 ./Drivers/STM32F1xx_HAL_Driver/Src/stm32f1xx_hal_cortex.o
                0x0000000008001e84                HAL_NVIC_SetPriorityGrouping
 .text.HAL_NVIC_SetPriority
                0x0000000008001e9a       0x38 ./Drivers/STM32F1xx_HAL_Driver/Src/stm32f1xx_hal_cortex.o
                0x0000000008001e9a                HAL_NVIC_SetPriority
 .text.HAL_NVIC_EnableIRQ
                0x0000000008001ed2       0x1c ./Drivers/STM32F1xx_HAL_Driver/Src/stm32f1xx_hal_cortex.o
                0x0000000008001ed2                HAL_NVIC_EnableIRQ
 .text.HAL_SYSTICK_Config
                0x0000000008001eee       0x18 ./Drivers/STM32F1xx_HAL_Driver/Src/stm32f1xx_hal_cortex.o
                0x0000000008001eee                HAL_SYSTICK_Config
 *fill*         0x0000000008001f06        0x2 
 .text.HAL_GPIO_Init
                0x0000000008001f08      0x2f8 ./Drivers/STM32F1xx_HAL_Driver/Src/stm32f1xx_hal_gpio.o
                0x0000000008001f08                HAL_GPIO_Init
 .text.HAL_GPIO_ReadPin
                0x0000000008002200       0x2e ./Drivers/STM32F1xx_HAL_Driver/Src/stm32f1xx_hal_gpio.o
                0x0000000008002200                HAL_GPIO_ReadPin
 .text.HAL_GPIO_WritePin
                0x000000000800222e       0x30 ./Drivers/STM32F1xx_HAL_Driver/Src/stm32f1xx_hal_gpio.o
                0x000000000800222e                HAL_GPIO_WritePin
 .text.HAL_GPIO_TogglePin
                0x000000000800225e       0x32 ./Drivers/STM32F1xx_HAL_Driver/Src/stm32f1xx_hal_gpio.o
                0x000000000800225e                HAL_GPIO_TogglePin
 .text.HAL_RCC_OscConfig
                0x0000000008002290      0x504 ./Drivers/STM32F1xx_HAL_Driver/Src/stm32f1xx_hal_rcc.o
                0x0000000008002290                HAL_RCC_OscConfig
 .text.HAL_RCC_ClockConfig
                0x0000000008002794      0x1d4 ./Drivers/STM32F1xx_HAL_Driver/Src/stm32f1xx_hal_rcc.o
                0x0000000008002794                HAL_RCC_ClockConfig
 .text.HAL_RCC_GetSysClockFreq
                0x0000000008002968       0xa8 ./Drivers/STM32F1xx_HAL_Driver/Src/stm32f1xx_hal_rcc.o
                0x0000000008002968                HAL_RCC_GetSysClockFreq
 .text.RCC_Delay
                0x0000000008002a10       0x3c ./Drivers/STM32F1xx_HAL_Driver/Src/stm32f1xx_hal_rcc.o
 .text.HAL_TIM_Base_Init
                0x0000000008002a4c       0x9e ./Drivers/STM32F1xx_HAL_Driver/Src/stm32f1xx_hal_tim.o
                0x0000000008002a4c                HAL_TIM_Base_Init
 *fill*         0x0000000008002aea        0x2 
 .text.HAL_TIM_Base_Start_IT
                0x0000000008002aec       0x98 ./Drivers/STM32F1xx_HAL_Driver/Src/stm32f1xx_hal_tim.o
                0x0000000008002aec                HAL_TIM_Base_Start_IT
 .text.HAL_TIM_IRQHandler
                0x0000000008002b84      0x210 ./Drivers/STM32F1xx_HAL_Driver/Src/stm32f1xx_hal_tim.o
                0x0000000008002b84                HAL_TIM_IRQHandler
 .text.HAL_TIM_ConfigClockSource
                0x0000000008002d94      0x18e ./Drivers/STM32F1xx_HAL_Driver/Src/stm32f1xx_hal_tim.o
                0x0000000008002d94                HAL_TIM_ConfigClockSource
 .text.HAL_TIM_OC_DelayElapsedCallback
                0x0000000008002f22       0x12 ./Drivers/STM32F1xx_HAL_Driver/Src/stm32f1xx_hal_tim.o
                0x0000000008002f22                HAL_TIM_OC_DelayElapsedCallback
 .text.HAL_TIM_IC_CaptureCallback
                0x0000000008002f34       0x12 ./Drivers/STM32F1xx_HAL_Driver/Src/stm32f1xx_hal_tim.o
                0x0000000008002f34                HAL_TIM_IC_CaptureCallback
 .text.HAL_TIM_PWM_PulseFinishedCallback
                0x0000000008002f46       0x12 ./Drivers/STM32F1xx_HAL_Driver/Src/stm32f1xx_hal_tim.o
                0x0000000008002f46                HAL_TIM_PWM_PulseFinishedCallback
 .text.HAL_TIM_TriggerCallback
                0x0000000008002f58       0x12 ./Drivers/STM32F1xx_HAL_Driver/Src/stm32f1xx_hal_tim.o
                0x0000000008002f58                HAL_TIM_TriggerCallback
 *fill*         0x0000000008002f6a        0x2 
 .text.TIM_Base_SetConfig
                0x0000000008002f6c       0xb0 ./Drivers/STM32F1xx_HAL_Driver/Src/stm32f1xx_hal_tim.o
                0x0000000008002f6c                TIM_Base_SetConfig
 .text.TIM_TI1_ConfigInputStage
                0x000000000800301c       0x5c ./Drivers/STM32F1xx_HAL_Driver/Src/stm32f1xx_hal_tim.o
 .text.TIM_TI2_ConfigInputStage
                0x0000000008003078       0x5e ./Drivers/STM32F1xx_HAL_Driver/Src/stm32f1xx_hal_tim.o
 .text.TIM_ITRx_SetConfig
                0x00000000080030d6       0x34 ./Drivers/STM32F1xx_HAL_Driver/Src/stm32f1xx_hal_tim.o
 .text.TIM_ETR_SetConfig
                0x000000000800310a       0x3e ./Drivers/STM32F1xx_HAL_Driver/Src/stm32f1xx_hal_tim.o
                0x000000000800310a                TIM_ETR_SetConfig
 .text.HAL_TIMEx_MasterConfigSynchronization
                0x0000000008003148       0xb0 ./Drivers/STM32F1xx_HAL_Driver/Src/stm32f1xx_hal_tim_ex.o
                0x0000000008003148                HAL_TIMEx_MasterConfigSynchronization
 .text.HAL_TIMEx_CommutCallback
                0x00000000080031f8       0x12 ./Drivers/STM32F1xx_HAL_Driver/Src/stm32f1xx_hal_tim_ex.o
                0x00000000080031f8                HAL_TIMEx_CommutCallback
 .text.HAL_TIMEx_BreakCallback
                0x000000000800320a       0x12 ./Drivers/STM32F1xx_HAL_Driver/Src/stm32f1xx_hal_tim_ex.o
                0x000000000800320a                HAL_TIMEx_BreakCallback
 .text.memset   0x000000000800321c       0x10 C:/ST/STM32CubeIDE_1.14.1/STM32CubeIDE/plugins/com.st.stm32cube.ide.mcu.externaltools.gnu-tools-for-stm32.11.3.rel1.win32_1.1.100.202309141235/tools/bin/../lib/gcc/arm-none-eabi/11.3.1/../../../../arm-none-eabi/lib/thumb/v7-m/nofp\libc_nano.a(libc_a-memset.o)
                0x000000000800321c                memset
 .text.__libc_init_array
                0x000000000800322c       0x48 C:/ST/STM32CubeIDE_1.14.1/STM32CubeIDE/plugins/com.st.stm32cube.ide.mcu.externaltools.gnu-tools-for-stm32.11.3.rel1.win32_1.1.100.202309141235/tools/bin/../lib/gcc/arm-none-eabi/11.3.1/../../../../arm-none-eabi/lib/thumb/v7-m/nofp\libc_nano.a(libc_a-init.o)
                0x000000000800322c                __libc_init_array
 *(.glue_7)
 .glue_7        0x0000000008003274        0x0 linker stubs
 *(.glue_7t)
 .glue_7t       0x0000000008003274        0x0 linker stubs
 *(.eh_frame)
 .eh_frame      0x0000000008003274        0x0 C:/ST/STM32CubeIDE_1.14.1/STM32CubeIDE/plugins/com.st.stm32cube.ide.mcu.externaltools.gnu-tools-for-stm32.11.3.rel1.win32_1.1.100.202309141235/tools/bin/../lib/gcc/arm-none-eabi/11.3.1/thumb/v7-m/nofp/crtbegin.o
 *(.init)
 .init          0x0000000008003274        0x4 C:/ST/STM32CubeIDE_1.14.1/STM32CubeIDE/plugins/com.st.stm32cube.ide.mcu.externaltools.gnu-tools-for-stm32.11.3.rel1.win32_1.1.100.202309141235/tools/bin/../lib/gcc/arm-none-eabi/11.3.1/thumb/v7-m/nofp/crti.o
                0x0000000008003274                _init
 .init          0x0000000008003278        0x8 C:/ST/STM32CubeIDE_1.14.1/STM32CubeIDE/plugins/com.st.stm32cube.ide.mcu.externaltools.gnu-tools-for-stm32.11.3.rel1.win32_1.1.100.202309141235/tools/bin/../lib/gcc/arm-none-eabi/11.3.1/thumb/v7-m/nofp/crtn.o
 *(.fini)
 .fini          0x0000000008003280        0x4 C:/ST/STM32CubeIDE_1.14.1/STM32CubeIDE/plugins/com.st.stm32cube.ide.mcu.externaltools.gnu-tools-for-stm32.11.3.rel1.win32_1.1.100.202309141235/tools/bin/../lib/gcc/arm-none-eabi/11.3.1/thumb/v7-m/nofp/crti.o
                0x0000000008003280                _fini
 .fini          0x0000000008003284        0x8 C:/ST/STM32CubeIDE_1.14.1/STM32CubeIDE/plugins/com.st.stm32cube.ide.mcu.externaltools.gnu-tools-for-stm32.11.3.rel1.win32_1.1.100.202309141235/tools/bin/../lib/gcc/arm-none-eabi/11.3.1/thumb/v7-m/nofp/crtn.o
                0x000000000800328c                . = ALIGN (0x4)
                0x000000000800328c                _etext = .

.vfp11_veneer   0x000000000800328c        0x0
 .vfp11_veneer  0x000000000800328c        0x0 linker stubs

.v4_bx          0x000000000800328c        0x0
 .v4_bx         0x000000000800328c        0x0 linker stubs

.iplt           0x000000000800328c        0x0
 .iplt          0x000000000800328c        0x0 C:/ST/STM32CubeIDE_1.14.1/STM32CubeIDE/plugins/com.st.stm32cube.ide.mcu.externaltools.gnu-tools-for-stm32.11.3.rel1.win32_1.1.100.202309141235/tools/bin/../lib/gcc/arm-none-eabi/11.3.1/thumb/v7-m/nofp/crtbegin.o

.rodata         0x000000000800328c       0x24
                0x000000000800328c                . = ALIGN (0x4)
 *(.rodata)
 *(.rodata*)
 .rodata.AHBPrescTable
                0x000000000800328c       0x10 ./Core/Src/system_stm32f1xx.o
                0x000000000800328c                AHBPrescTable
 .rodata.aPLLMULFactorTable.1
                0x000000000800329c       0x10 ./Drivers/STM32F1xx_HAL_Driver/Src/stm32f1xx_hal_rcc.o
 .rodata.aPredivFactorTable.0
                0x00000000080032ac        0x2 ./Drivers/STM32F1xx_HAL_Driver/Src/stm32f1xx_hal_rcc.o
                0x00000000080032b0                . = ALIGN (0x4)
 *fill*         0x00000000080032ae        0x2 

.rel.dyn        0x00000000080032b0        0x0
 .rel.iplt      0x00000000080032b0        0x0 C:/ST/STM32CubeIDE_1.14.1/STM32CubeIDE/plugins/com.st.stm32cube.ide.mcu.externaltools.gnu-tools-for-stm32.11.3.rel1.win32_1.1.100.202309141235/tools/bin/../lib/gcc/arm-none-eabi/11.3.1/thumb/v7-m/nofp/crtbegin.o

.ARM.extab      0x00000000080032b0        0x0
                0x00000000080032b0                . = ALIGN (0x4)
 *(.ARM.extab* .gnu.linkonce.armextab.*)
                0x00000000080032b0                . = ALIGN (0x4)

.ARM            0x00000000080032b0        0x0
                0x00000000080032b0                . = ALIGN (0x4)
                0x00000000080032b0                __exidx_start = .
 *(.ARM.exidx*)
                0x00000000080032b0                __exidx_end = .
                0x00000000080032b0                . = ALIGN (0x4)

.preinit_array  0x00000000080032b0        0x0
                0x00000000080032b0                . = ALIGN (0x4)
                0x00000000080032b0                PROVIDE (__preinit_array_start = .)
 *(.preinit_array*)
                0x00000000080032b0                PROVIDE (__preinit_array_end = .)
                0x00000000080032b0                . = ALIGN (0x4)

.init_array     0x00000000080032b0        0x4
                0x00000000080032b0                . = ALIGN (0x4)
                0x00000000080032b0                PROVIDE (__init_array_start = .)
 *(SORT_BY_NAME(.init_array.*))
 *(.init_array*)
 .init_array    0x00000000080032b0        0x4 C:/ST/STM32CubeIDE_1.14.1/STM32CubeIDE/plugins/com.st.stm32cube.ide.mcu.externaltools.gnu-tools-for-stm32.11.3.rel1.win32_1.1.100.202309141235/tools/bin/../lib/gcc/arm-none-eabi/11.3.1/thumb/v7-m/nofp/crtbegin.o
                0x00000000080032b4                PROVIDE (__init_array_end = .)
                0x00000000080032b4                . = ALIGN (0x4)

.fini_array     0x00000000080032b4        0x4
                0x00000000080032b4                . = ALIGN (0x4)
                [!provide]                        PROVIDE (__fini_array_start = .)
 *(SORT_BY_NAME(.fini_array.*))
 *(.fini_array*)
 .fini_array    0x00000000080032b4        0x4 C:/ST/STM32CubeIDE_1.14.1/STM32CubeIDE/plugins/com.st.stm32cube.ide.mcu.externaltools.gnu-tools-for-stm32.11.3.rel1.win32_1.1.100.202309141235/tools/bin/../lib/gcc/arm-none-eabi/11.3.1/thumb/v7-m/nofp/crtbegin.o
                [!provide]                        PROVIDE (__fini_array_end = .)
                0x00000000080032b8                . = ALIGN (0x4)
                0x00000000080032b8                _sidata = LOADADDR (.data)

.data           0x0000000020000000       0x64 load address 0x00000000080032b8
                0x0000000020000000                . = ALIGN (0x4)
                0x0000000020000000                _sdata = .
 *(.data)
 *(.data*)
 .data.KeyReg0  0x0000000020000000        0xc ./Core/Src/button.o
                0x0000000020000000                KeyReg0
 .data.KeyReg1  0x000000002000000c        0xc ./Core/Src/button.o
                0x000000002000000c                KeyReg1
 .data.KeyReg2  0x0000000020000018        0xc ./Core/Src/button.o
                0x0000000020000018                KeyReg2
 .data.KeyReg3  0x0000000020000024        0xc ./Core/Src/button.o
                0x0000000020000024                KeyReg3
 .data.TimeOutForKeyPress
                0x0000000020000030        0x4 ./Core/Src/button.o
                0x0000000020000030                TimeOutForKeyPress
 .data.TimeOutForLongKeyPress
                0x0000000020000034        0x4 ./Core/Src/button.o
                0x0000000020000034                TimeOutForLongKeyPress
 .data.TIME_NORMAL_RED
                0x0000000020000038        0x4 ./Core/Src/global.o
                0x0000000020000038                TIME_NORMAL_RED
 .data.TIME_NORMAL_GREEN
                0x000000002000003c        0x4 ./Core/Src/global.o
                0x000000002000003c                TIME_NORMAL_GREEN
 .data.TIME_NORMAL_YELLOW
                0x0000000020000040        0x4 ./Core/Src/global.o
                0x0000000020000040                TIME_NORMAL_YELLOW
 .data.statusLed
                0x0000000020000044        0x4 ./Core/Src/global.o
                0x0000000020000044                statusLed
 .data.count1   0x0000000020000048        0x4 ./Core/Src/global.o
                0x0000000020000048                count1
 .data.count2   0x000000002000004c        0x4 ./Core/Src/global.o
                0x000000002000004c                count2
 .data.countMan1
                0x0000000020000050        0x4 ./Core/Src/global.o
                0x0000000020000050                countMan1
 .data.mode     0x0000000020000054        0x4 ./Core/Src/global.o
                0x0000000020000054                mode
 .data.SystemCoreClock
                0x0000000020000058        0x4 ./Core/Src/system_stm32f1xx.o
                0x0000000020000058                SystemCoreClock
 .data.uwTickPrio
                0x000000002000005c        0x4 ./Drivers/STM32F1xx_HAL_Driver/Src/stm32f1xx_hal.o
                0x000000002000005c                uwTickPrio
 .data.uwTickFreq
                0x0000000020000060        0x1 ./Drivers/STM32F1xx_HAL_Driver/Src/stm32f1xx_hal.o
                0x0000000020000060                uwTickFreq
 *(.RamFunc)
 *(.RamFunc*)
                0x0000000020000064                . = ALIGN (0x4)
 *fill*         0x0000000020000061        0x3 
                0x0000000020000064                _edata = .

.igot.plt       0x0000000020000064        0x0 load address 0x000000000800331c
 .igot.plt      0x0000000020000064        0x0 C:/ST/STM32CubeIDE_1.14.1/STM32CubeIDE/plugins/com.st.stm32cube.ide.mcu.externaltools.gnu-tools-for-stm32.11.3.rel1.win32_1.1.100.202309141235/tools/bin/../lib/gcc/arm-none-eabi/11.3.1/thumb/v7-m/nofp/crtbegin.o
                0x0000000020000064                . = ALIGN (0x4)

.bss            0x0000000020000064       0xb0 load address 0x000000000800331c
                0x0000000020000064                _sbss = .
                0x0000000020000064                __bss_start__ = _sbss
 *(.bss)
 .bss           0x0000000020000064       0x1c C:/ST/STM32CubeIDE_1.14.1/STM32CubeIDE/plugins/com.st.stm32cube.ide.mcu.externaltools.gnu-tools-for-stm32.11.3.rel1.win32_1.1.100.202309141235/tools/bin/../lib/gcc/arm-none-eabi/11.3.1/thumb/v7-m/nofp/crtbegin.o
 *(.bss*)
 .bss.button_flag
                0x0000000020000080        0xc ./Core/Src/button.o
                0x0000000020000080                button_flag
 .bss.button_flag_1s
                0x000000002000008c        0xc ./Core/Src/button.o
                0x000000002000008c                button_flag_1s
 .bss.long_button_flag
                0x0000000020000098        0x4 ./Core/Src/button.o
                0x0000000020000098                long_button_flag
 .bss.index_led
                0x000000002000009c        0x4 ./Core/Src/control_led.o
                0x000000002000009c                index_led
 .bss.htim2     0x00000000200000a0       0x48 ./Core/Src/main.o
                0x00000000200000a0                htim2
 .bss.timer0_counter
                0x00000000200000e8        0x4 ./Core/Src/software_timer.o
                0x00000000200000e8                timer0_counter
 .bss.timer1_count
                0x00000000200000ec        0x4 ./Core/Src/software_timer.o
                0x00000000200000ec                timer1_count
 .bss.timer2_count
                0x00000000200000f0        0x4 ./Core/Src/software_timer.o
                0x00000000200000f0                timer2_count
 .bss.timer3_count
                0x00000000200000f4        0x4 ./Core/Src/software_timer.o
                0x00000000200000f4                timer3_count
 .bss.timer4_count
                0x00000000200000f8        0x4 ./Core/Src/software_timer.o
                0x00000000200000f8                timer4_count
 .bss.timer0_flag
                0x00000000200000fc        0x4 ./Core/Src/software_timer.o
                0x00000000200000fc                timer0_flag
 .bss.timer1_flag
                0x0000000020000100        0x4 ./Core/Src/software_timer.o
                0x0000000020000100                timer1_flag
 .bss.timer2_flag
                0x0000000020000104        0x4 ./Core/Src/software_timer.o
                0x0000000020000104                timer2_flag
 .bss.timer3_flag
                0x0000000020000108        0x4 ./Core/Src/software_timer.o
                0x0000000020000108                timer3_flag
 .bss.timer4_flag
                0x000000002000010c        0x4 ./Core/Src/software_timer.o
                0x000000002000010c                timer4_flag
 .bss.uwTick    0x0000000020000110        0x4 ./Drivers/STM32F1xx_HAL_Driver/Src/stm32f1xx_hal.o
                0x0000000020000110                uwTick
 *(COMMON)
                0x0000000020000114                . = ALIGN (0x4)
                0x0000000020000114                _ebss = .
                0x0000000020000114                __bss_end__ = _ebss

._user_heap_stack
                0x0000000020000114      0x604 load address 0x000000000800331c
                0x0000000020000118                . = ALIGN (0x8)
 *fill*         0x0000000020000114        0x4 
                [!provide]                        PROVIDE (end = .)
                0x0000000020000118                PROVIDE (_end = .)
                0x0000000020000318                . = (. + _Min_Heap_Size)
 *fill*         0x0000000020000118      0x200 
                0x0000000020000718                . = (. + _Min_Stack_Size)
 *fill*         0x0000000020000318      0x400 
                0x0000000020000718                . = ALIGN (0x8)

/DISCARD/
 libc.a(*)
 libm.a(*)
 libgcc.a(*)

.ARM.attributes
                0x0000000000000000       0x29
 *(.ARM.attributes)
 .ARM.attributes
                0x0000000000000000       0x1d C:/ST/STM32CubeIDE_1.14.1/STM32CubeIDE/plugins/com.st.stm32cube.ide.mcu.externaltools.gnu-tools-for-stm32.11.3.rel1.win32_1.1.100.202309141235/tools/bin/../lib/gcc/arm-none-eabi/11.3.1/thumb/v7-m/nofp/crti.o
 .ARM.attributes
                0x000000000000001d       0x2d C:/ST/STM32CubeIDE_1.14.1/STM32CubeIDE/plugins/com.st.stm32cube.ide.mcu.externaltools.gnu-tools-for-stm32.11.3.rel1.win32_1.1.100.202309141235/tools/bin/../lib/gcc/arm-none-eabi/11.3.1/thumb/v7-m/nofp/crtbegin.o
 .ARM.attributes
                0x000000000000004a       0x2d ./Core/Src/button.o
 .ARM.attributes
                0x0000000000000077       0x2d ./Core/Src/control_led.o
 .ARM.attributes
                0x00000000000000a4       0x2d ./Core/Src/fsm_automatic.o
 .ARM.attributes
                0x00000000000000d1       0x2d ./Core/Src/fsm_manual.o
 .ARM.attributes
                0x00000000000000fe       0x2d ./Core/Src/global.o
 .ARM.attributes
                0x000000000000012b       0x2d ./Core/Src/main.o
 .ARM.attributes
                0x0000000000000158       0x2d ./Core/Src/software_timer.o
 .ARM.attributes
                0x0000000000000185       0x2d ./Core/Src/stm32f1xx_hal_msp.o
 .ARM.attributes
                0x00000000000001b2       0x2d ./Core/Src/stm32f1xx_it.o
 .ARM.attributes
                0x00000000000001df       0x2d ./Core/Src/system_stm32f1xx.o
 .ARM.attributes
                0x000000000000020c       0x21 ./Core/Startup/startup_stm32f103c6tx.o
 .ARM.attributes
                0x000000000000022d       0x2d ./Drivers/STM32F1xx_HAL_Driver/Src/stm32f1xx_hal.o
 .ARM.attributes
                0x000000000000025a       0x2d ./Drivers/STM32F1xx_HAL_Driver/Src/stm32f1xx_hal_cortex.o
 .ARM.attributes
                0x0000000000000287       0x2d ./Drivers/STM32F1xx_HAL_Driver/Src/stm32f1xx_hal_gpio.o
 .ARM.attributes
                0x00000000000002b4       0x2d ./Drivers/STM32F1xx_HAL_Driver/Src/stm32f1xx_hal_rcc.o
 .ARM.attributes
                0x00000000000002e1       0x2d ./Drivers/STM32F1xx_HAL_Driver/Src/stm32f1xx_hal_tim.o
 .ARM.attributes
                0x000000000000030e       0x2d ./Drivers/STM32F1xx_HAL_Driver/Src/stm32f1xx_hal_tim_ex.o
 .ARM.attributes
                0x000000000000033b       0x2d C:/ST/STM32CubeIDE_1.14.1/STM32CubeIDE/plugins/com.st.stm32cube.ide.mcu.externaltools.gnu-tools-for-stm32.11.3.rel1.win32_1.1.100.202309141235/tools/bin/../lib/gcc/arm-none-eabi/11.3.1/../../../../arm-none-eabi/lib/thumb/v7-m/nofp\libc_nano.a(libc_a-memset.o)
 .ARM.attributes
                0x0000000000000368       0x2d C:/ST/STM32CubeIDE_1.14.1/STM32CubeIDE/plugins/com.st.stm32cube.ide.mcu.externaltools.gnu-tools-for-stm32.11.3.rel1.win32_1.1.100.202309141235/tools/bin/../lib/gcc/arm-none-eabi/11.3.1/../../../../arm-none-eabi/lib/thumb/v7-m/nofp\libc_nano.a(libc_a-init.o)
 .ARM.attributes
                0x0000000000000395       0x1d C:/ST/STM32CubeIDE_1.14.1/STM32CubeIDE/plugins/com.st.stm32cube.ide.mcu.externaltools.gnu-tools-for-stm32.11.3.rel1.win32_1.1.100.202309141235/tools/bin/../lib/gcc/arm-none-eabi/11.3.1/thumb/v7-m/nofp\libgcc.a(_arm_addsubdf3.o)
 .ARM.attributes
                0x00000000000003b2       0x1d C:/ST/STM32CubeIDE_1.14.1/STM32CubeIDE/plugins/com.st.stm32cube.ide.mcu.externaltools.gnu-tools-for-stm32.11.3.rel1.win32_1.1.100.202309141235/tools/bin/../lib/gcc/arm-none-eabi/11.3.1/thumb/v7-m/nofp\libgcc.a(_arm_muldivdf3.o)
 .ARM.attributes
                0x00000000000003cf       0x1d C:/ST/STM32CubeIDE_1.14.1/STM32CubeIDE/plugins/com.st.stm32cube.ide.mcu.externaltools.gnu-tools-for-stm32.11.3.rel1.win32_1.1.100.202309141235/tools/bin/../lib/gcc/arm-none-eabi/11.3.1/thumb/v7-m/nofp\libgcc.a(_arm_fixdfsi.o)
 .ARM.attributes
                0x00000000000003ec       0x1d C:/ST/STM32CubeIDE_1.14.1/STM32CubeIDE/plugins/com.st.stm32cube.ide.mcu.externaltools.gnu-tools-for-stm32.11.3.rel1.win32_1.1.100.202309141235/tools/bin/../lib/gcc/arm-none-eabi/11.3.1/thumb/v7-m/nofp/crtn.o
OUTPUT(Lab3_NTLuan.elf elf32-littlearm)
LOAD linker stubs
LOAD C:/ST/STM32CubeIDE_1.14.1/STM32CubeIDE/plugins/com.st.stm32cube.ide.mcu.externaltools.gnu-tools-for-stm32.11.3.rel1.win32_1.1.100.202309141235/tools/bin/../lib/gcc/arm-none-eabi/11.3.1/../../../../arm-none-eabi/lib/thumb/v7-m/nofp\libc.a
LOAD C:/ST/STM32CubeIDE_1.14.1/STM32CubeIDE/plugins/com.st.stm32cube.ide.mcu.externaltools.gnu-tools-for-stm32.11.3.rel1.win32_1.1.100.202309141235/tools/bin/../lib/gcc/arm-none-eabi/11.3.1/../../../../arm-none-eabi/lib/thumb/v7-m/nofp\libm.a
LOAD C:/ST/STM32CubeIDE_1.14.1/STM32CubeIDE/plugins/com.st.stm32cube.ide.mcu.externaltools.gnu-tools-for-stm32.11.3.rel1.win32_1.1.100.202309141235/tools/bin/../lib/gcc/arm-none-eabi/11.3.1/thumb/v7-m/nofp\libgcc.a

.comment        0x0000000000000000       0x43
 .comment       0x0000000000000000       0x43 C:/ST/STM32CubeIDE_1.14.1/STM32CubeIDE/plugins/com.st.stm32cube.ide.mcu.externaltools.gnu-tools-for-stm32.11.3.rel1.win32_1.1.100.202309141235/tools/bin/../lib/gcc/arm-none-eabi/11.3.1/thumb/v7-m/nofp/crtbegin.o
                                         0x44 (size before relaxing)
 .comment       0x0000000000000043       0x44 ./Core/Src/button.o
 .comment       0x0000000000000043       0x44 ./Core/Src/control_led.o
 .comment       0x0000000000000043       0x44 ./Core/Src/fsm_automatic.o
 .comment       0x0000000000000043       0x44 ./Core/Src/fsm_manual.o
 .comment       0x0000000000000043       0x44 ./Core/Src/global.o
 .comment       0x0000000000000043       0x44 ./Core/Src/main.o
 .comment       0x0000000000000043       0x44 ./Core/Src/software_timer.o
 .comment       0x0000000000000043       0x44 ./Core/Src/stm32f1xx_hal_msp.o
 .comment       0x0000000000000043       0x44 ./Core/Src/stm32f1xx_it.o
 .comment       0x0000000000000043       0x44 ./Core/Src/system_stm32f1xx.o
 .comment       0x0000000000000043       0x44 ./Drivers/STM32F1xx_HAL_Driver/Src/stm32f1xx_hal.o
 .comment       0x0000000000000043       0x44 ./Drivers/STM32F1xx_HAL_Driver/Src/stm32f1xx_hal_cortex.o
 .comment       0x0000000000000043       0x44 ./Drivers/STM32F1xx_HAL_Driver/Src/stm32f1xx_hal_gpio.o
 .comment       0x0000000000000043       0x44 ./Drivers/STM32F1xx_HAL_Driver/Src/stm32f1xx_hal_rcc.o
 .comment       0x0000000000000043       0x44 ./Drivers/STM32F1xx_HAL_Driver/Src/stm32f1xx_hal_tim.o
 .comment       0x0000000000000043       0x44 ./Drivers/STM32F1xx_HAL_Driver/Src/stm32f1xx_hal_tim_ex.o

.debug_info     0x0000000000000000     0x856a
 .debug_info    0x0000000000000000      0x2a4 ./Core/Src/button.o
 .debug_info    0x00000000000002a4      0x288 ./Core/Src/control_led.o
 .debug_info    0x000000000000052c      0x1af ./Core/Src/fsm_automatic.o
 .debug_info    0x00000000000006db      0x174 ./Core/Src/fsm_manual.o
 .debug_info    0x000000000000084f      0x136 ./Core/Src/global.o
 .debug_info    0x0000000000000985      0xb86 ./Core/Src/main.o
 .debug_info    0x000000000000150b      0x1ba ./Core/Src/software_timer.o
 .debug_info    0x00000000000016c5      0x91a ./Core/Src/stm32f1xx_hal_msp.o
 .debug_info    0x0000000000001fdf      0x6a1 ./Core/Src/stm32f1xx_it.o
 .debug_info    0x0000000000002680      0x222 ./Core/Src/system_stm32f1xx.o
 .debug_info    0x00000000000028a2       0x23 ./Core/Startup/startup_stm32f103c6tx.o
 .debug_info    0x00000000000028c5      0x6e6 ./Drivers/STM32F1xx_HAL_Driver/Src/stm32f1xx_hal.o
 .debug_info    0x0000000000002fab      0xa69 ./Drivers/STM32F1xx_HAL_Driver/Src/stm32f1xx_hal_cortex.o
 .debug_info    0x0000000000003a14      0x5ab ./Drivers/STM32F1xx_HAL_Driver/Src/stm32f1xx_hal_gpio.o
 .debug_info    0x0000000000003fbf      0x7d5 ./Drivers/STM32F1xx_HAL_Driver/Src/stm32f1xx_hal_rcc.o
 .debug_info    0x0000000000004794     0x293b ./Drivers/STM32F1xx_HAL_Driver/Src/stm32f1xx_hal_tim.o
 .debug_info    0x00000000000070cf     0x149b ./Drivers/STM32F1xx_HAL_Driver/Src/stm32f1xx_hal_tim_ex.o

.debug_abbrev   0x0000000000000000     0x1ac0
 .debug_abbrev  0x0000000000000000      0x190 ./Core/Src/button.o
 .debug_abbrev  0x0000000000000190      0x140 ./Core/Src/control_led.o
 .debug_abbrev  0x00000000000002d0       0xa8 ./Core/Src/fsm_automatic.o
 .debug_abbrev  0x0000000000000378       0xbb ./Core/Src/fsm_manual.o
 .debug_abbrev  0x0000000000000433       0x4e ./Core/Src/global.o
 .debug_abbrev  0x0000000000000481      0x285 ./Core/Src/main.o
 .debug_abbrev  0x0000000000000706       0xbc ./Core/Src/software_timer.o
 .debug_abbrev  0x00000000000007c2      0x1ad ./Core/Src/stm32f1xx_hal_msp.o
 .debug_abbrev  0x000000000000096f      0x191 ./Core/Src/stm32f1xx_it.o
 .debug_abbrev  0x0000000000000b00      0x13f ./Core/Src/system_stm32f1xx.o
 .debug_abbrev  0x0000000000000c3f       0x12 ./Core/Startup/startup_stm32f103c6tx.o
 .debug_abbrev  0x0000000000000c51      0x201 ./Drivers/STM32F1xx_HAL_Driver/Src/stm32f1xx_hal.o
 .debug_abbrev  0x0000000000000e52      0x2f8 ./Drivers/STM32F1xx_HAL_Driver/Src/stm32f1xx_hal_cortex.o
 .debug_abbrev  0x000000000000114a      0x1ca ./Drivers/STM32F1xx_HAL_Driver/Src/stm32f1xx_hal_gpio.o
 .debug_abbrev  0x0000000000001314      0x2b3 ./Drivers/STM32F1xx_HAL_Driver/Src/stm32f1xx_hal_rcc.o
 .debug_abbrev  0x00000000000015c7      0x277 ./Drivers/STM32F1xx_HAL_Driver/Src/stm32f1xx_hal_tim.o
 .debug_abbrev  0x000000000000183e      0x282 ./Drivers/STM32F1xx_HAL_Driver/Src/stm32f1xx_hal_tim_ex.o

.debug_aranges  0x0000000000000000      0xa78
 .debug_aranges
                0x0000000000000000       0x38 ./Core/Src/button.o
 .debug_aranges
                0x0000000000000038       0x68 ./Core/Src/control_led.o
 .debug_aranges
                0x00000000000000a0       0x28 ./Core/Src/fsm_automatic.o
 .debug_aranges
                0x00000000000000c8       0x20 ./Core/Src/fsm_manual.o
 .debug_aranges
                0x00000000000000e8       0x18 ./Core/Src/global.o
 .debug_aranges
                0x0000000000000100       0x48 ./Core/Src/main.o
 .debug_aranges
                0x0000000000000148       0x48 ./Core/Src/software_timer.o
 .debug_aranges
                0x0000000000000190       0x30 ./Core/Src/stm32f1xx_hal_msp.o
 .debug_aranges
                0x00000000000001c0       0x68 ./Core/Src/stm32f1xx_it.o
 .debug_aranges
                0x0000000000000228       0x28 ./Core/Src/system_stm32f1xx.o
 .debug_aranges
                0x0000000000000250       0x28 ./Core/Startup/startup_stm32f103c6tx.o
 .debug_aranges
                0x0000000000000278       0xe0 ./Drivers/STM32F1xx_HAL_Driver/Src/stm32f1xx_hal.o
 .debug_aranges
                0x0000000000000358      0x100 ./Drivers/STM32F1xx_HAL_Driver/Src/stm32f1xx_hal_cortex.o
 .debug_aranges
                0x0000000000000458       0x58 ./Drivers/STM32F1xx_HAL_Driver/Src/stm32f1xx_hal_gpio.o
 .debug_aranges
                0x00000000000004b0       0x90 ./Drivers/STM32F1xx_HAL_Driver/Src/stm32f1xx_hal_rcc.o
 .debug_aranges
                0x0000000000000540      0x3d0 ./Drivers/STM32F1xx_HAL_Driver/Src/stm32f1xx_hal_tim.o
 .debug_aranges
                0x0000000000000910      0x168 ./Drivers/STM32F1xx_HAL_Driver/Src/stm32f1xx_hal_tim_ex.o

.debug_rnglists
                0x0000000000000000      0x7e8
 .debug_rnglists
                0x0000000000000000       0x26 ./Core/Src/button.o
 .debug_rnglists
                0x0000000000000026       0x4c ./Core/Src/control_led.o
 .debug_rnglists
                0x0000000000000072       0x1a ./Core/Src/fsm_automatic.o
 .debug_rnglists
                0x000000000000008c       0x14 ./Core/Src/fsm_manual.o
 .debug_rnglists
                0x00000000000000a0       0x33 ./Core/Src/main.o
 .debug_rnglists
                0x00000000000000d3       0x32 ./Core/Src/software_timer.o
 .debug_rnglists
                0x0000000000000105       0x1f ./Core/Src/stm32f1xx_hal_msp.o
 .debug_rnglists
                0x0000000000000124       0x49 ./Core/Src/stm32f1xx_it.o
 .debug_rnglists
                0x000000000000016d       0x1a ./Core/Src/system_stm32f1xx.o
 .debug_rnglists
                0x0000000000000187       0x19 ./Core/Startup/startup_stm32f103c6tx.o
 .debug_rnglists
                0x00000000000001a0       0xa3 ./Drivers/STM32F1xx_HAL_Driver/Src/stm32f1xx_hal.o
 .debug_rnglists
                0x0000000000000243       0xbb ./Drivers/STM32F1xx_HAL_Driver/Src/stm32f1xx_hal_cortex.o
 .debug_rnglists
                0x00000000000002fe       0x3f ./Drivers/STM32F1xx_HAL_Driver/Src/stm32f1xx_hal_gpio.o
 .debug_rnglists
                0x000000000000033d       0x6c ./Drivers/STM32F1xx_HAL_Driver/Src/stm32f1xx_hal_rcc.o
 .debug_rnglists
                0x00000000000003a9      0x31a ./Drivers/STM32F1xx_HAL_Driver/Src/stm32f1xx_hal_tim.o
 .debug_rnglists
                0x00000000000006c3      0x125 ./Drivers/STM32F1xx_HAL_Driver/Src/stm32f1xx_hal_tim_ex.o

.debug_macro    0x0000000000000000    0x16d35
 .debug_macro   0x0000000000000000      0x1c7 ./Core/Src/button.o
 .debug_macro   0x00000000000001c7      0xa9c ./Core/Src/button.o
 .debug_macro   0x0000000000000c63      0x215 ./Core/Src/button.o
 .debug_macro   0x0000000000000e78       0x2e ./Core/Src/button.o
 .debug_macro   0x0000000000000ea6       0x22 ./Core/Src/button.o
 .debug_macro   0x0000000000000ec8       0x22 ./Core/Src/button.o
 .debug_macro   0x0000000000000eea       0x8e ./Core/Src/button.o
 .debug_macro   0x0000000000000f78       0x51 ./Core/Src/button.o
 .debug_macro   0x0000000000000fc9      0x103 ./Core/Src/button.o
 .debug_macro   0x00000000000010cc       0x6a ./Core/Src/button.o
 .debug_macro   0x0000000000001136      0x1df ./Core/Src/button.o
 .debug_macro   0x0000000000001315       0x1c ./Core/Src/button.o
 .debug_macro   0x0000000000001331       0x22 ./Core/Src/button.o
 .debug_macro   0x0000000000001353       0xbd ./Core/Src/button.o
 .debug_macro   0x0000000000001410      0xd23 ./Core/Src/button.o
 .debug_macro   0x0000000000002133     0xde75 ./Core/Src/button.o
 .debug_macro   0x000000000000ffa8       0x6d ./Core/Src/button.o
 .debug_macro   0x0000000000010015     0x348d ./Core/Src/button.o
 .debug_macro   0x00000000000134a2      0x174 ./Core/Src/button.o
 .debug_macro   0x0000000000013616       0x5c ./Core/Src/button.o
 .debug_macro   0x0000000000013672      0x5bc ./Core/Src/button.o
 .debug_macro   0x0000000000013c2e      0x1b7 ./Core/Src/button.o
 .debug_macro   0x0000000000013de5      0x1cb ./Core/Src/button.o
 .debug_macro   0x0000000000013fb0      0x114 ./Core/Src/button.o
 .debug_macro   0x00000000000140c4      0x1b2 ./Core/Src/button.o
 .debug_macro   0x0000000000014276       0x27 ./Core/Src/button.o
 .debug_macro   0x000000000001429d      0x12f ./Core/Src/button.o
 .debug_macro   0x00000000000143cc      0x1bc ./Core/Src/button.o
 .debug_macro   0x0000000000014588       0x34 ./Core/Src/button.o
 .debug_macro   0x00000000000145bc       0x3c ./Core/Src/button.o
 .debug_macro   0x00000000000145f8       0x57 ./Core/Src/button.o
 .debug_macro   0x000000000001464f       0x87 ./Core/Src/button.o
 .debug_macro   0x00000000000146d6      0x183 ./Core/Src/button.o
 .debug_macro   0x0000000000014859      0x140 ./Core/Src/button.o
 .debug_macro   0x0000000000014999      0x8ed ./Core/Src/button.o
 .debug_macro   0x0000000000015286       0x69 ./Core/Src/button.o
 .debug_macro   0x00000000000152ef      0x100 ./Core/Src/button.o
 .debug_macro   0x00000000000153ef       0x10 ./Core/Src/button.o
 .debug_macro   0x00000000000153ff      0x1f8 ./Core/Src/control_led.o
 .debug_macro   0x00000000000155f7       0x34 ./Core/Src/control_led.o
 .debug_macro   0x000000000001562b      0x1fa ./Core/Src/fsm_automatic.o
 .debug_macro   0x0000000000015825      0x1f8 ./Core/Src/fsm_manual.o
 .debug_macro   0x0000000000015a1d      0x1f0 ./Core/Src/global.o
 .debug_macro   0x0000000000015c0d      0x1f4 ./Core/Src/main.o
 .debug_macro   0x0000000000015e01       0x1b ./Core/Src/software_timer.o
 .debug_macro   0x0000000000015e1c      0x1a6 ./Core/Src/stm32f1xx_hal_msp.o
 .debug_macro   0x0000000000015fc2      0x1b0 ./Core/Src/stm32f1xx_it.o
 .debug_macro   0x0000000000016172      0x197 ./Core/Src/system_stm32f1xx.o
 .debug_macro   0x0000000000016309      0x1bb ./Drivers/STM32F1xx_HAL_Driver/Src/stm32f1xx_hal.o
 .debug_macro   0x00000000000164c4      0x197 ./Drivers/STM32F1xx_HAL_Driver/Src/stm32f1xx_hal_cortex.o
 .debug_macro   0x000000000001665b      0x202 ./Drivers/STM32F1xx_HAL_Driver/Src/stm32f1xx_hal_gpio.o
 .debug_macro   0x000000000001685d      0x1a9 ./Drivers/STM32F1xx_HAL_Driver/Src/stm32f1xx_hal_rcc.o
 .debug_macro   0x0000000000016a06      0x198 ./Drivers/STM32F1xx_HAL_Driver/Src/stm32f1xx_hal_tim.o
 .debug_macro   0x0000000000016b9e      0x197 ./Drivers/STM32F1xx_HAL_Driver/Src/stm32f1xx_hal_tim_ex.o

.debug_line     0x0000000000000000     0xc312
 .debug_line    0x0000000000000000      0x803 ./Core/Src/button.o
 .debug_line    0x0000000000000803      0x8e2 ./Core/Src/control_led.o
 .debug_line    0x00000000000010e5      0x816 ./Core/Src/fsm_automatic.o
 .debug_line    0x00000000000018fb      0x88b ./Core/Src/fsm_manual.o
 .debug_line    0x0000000000002186      0x729 ./Core/Src/global.o
 .debug_line    0x00000000000028af      0x86c ./Core/Src/main.o
 .debug_line    0x000000000000311b      0x14d ./Core/Src/software_timer.o
 .debug_line    0x0000000000003268      0x729 ./Core/Src/stm32f1xx_hal_msp.o
 .debug_line    0x0000000000003991      0x7c7 ./Core/Src/stm32f1xx_it.o
 .debug_line    0x0000000000004158      0x76b ./Core/Src/system_stm32f1xx.o
 .debug_line    0x00000000000048c3       0x78 ./Core/Startup/startup_stm32f103c6tx.o
 .debug_line    0x000000000000493b      0x998 ./Drivers/STM32F1xx_HAL_Driver/Src/stm32f1xx_hal.o
 .debug_line    0x00000000000052d3      0xb80 ./Drivers/STM32F1xx_HAL_Driver/Src/stm32f1xx_hal_cortex.o
 .debug_line    0x0000000000005e53      0xa1c ./Drivers/STM32F1xx_HAL_Driver/Src/stm32f1xx_hal_gpio.o
 .debug_line    0x000000000000686f      0xda1 ./Drivers/STM32F1xx_HAL_Driver/Src/stm32f1xx_hal_rcc.o
 .debug_line    0x0000000000007610     0x343b ./Drivers/STM32F1xx_HAL_Driver/Src/stm32f1xx_hal_tim.o
 .debug_line    0x000000000000aa4b     0x18c7 ./Drivers/STM32F1xx_HAL_Driver/Src/stm32f1xx_hal_tim_ex.o

.debug_str      0x0000000000000000    0x824e3
 .debug_str     0x0000000000000000    0x7f7cc ./Core/Src/button.o
                                      0x7fb16 (size before relaxing)
 .debug_str     0x000000000007f7cc      0x18e ./Core/Src/control_led.o
                                      0x7fb88 (size before relaxing)
 .debug_str     0x000000000007f95a       0xe4 ./Core/Src/fsm_automatic.o
                                      0x7fb98 (size before relaxing)
 .debug_str     0x000000000007fa3e       0x34 ./Core/Src/fsm_manual.o
                                      0x7fb4f (size before relaxing)
 .debug_str     0x000000000007fa72       0x1f ./Core/Src/global.o
                                      0x7fac8 (size before relaxing)
 .debug_str     0x000000000007fa91      0x79f ./Core/Src/main.o
                                      0x80344 (size before relaxing)
 .debug_str     0x0000000000080230       0x8b ./Core/Src/software_timer.o
                                       0x2e79 (size before relaxing)
 .debug_str     0x00000000000802bb      0x300 ./Core/Src/stm32f1xx_hal_msp.o
                                      0x801d6 (size before relaxing)
 .debug_str     0x00000000000805bb       0xec ./Core/Src/stm32f1xx_it.o
                                      0x7ff11 (size before relaxing)
 .debug_str     0x00000000000806a7       0x88 ./Core/Src/system_stm32f1xx.o
                                      0x7f645 (size before relaxing)
 .debug_str     0x000000000008072f       0x34 ./Core/Startup/startup_stm32f103c6tx.o
                                         0x7b (size before relaxing)
 .debug_str     0x0000000000080763      0x38e ./Drivers/STM32F1xx_HAL_Driver/Src/stm32f1xx_hal.o
                                      0x7fd3e (size before relaxing)
 .debug_str     0x0000000000080af1      0x294 ./Drivers/STM32F1xx_HAL_Driver/Src/stm32f1xx_hal_cortex.o
                                      0x7fc8a (size before relaxing)
 .debug_str     0x0000000000080d85      0x2d2 ./Drivers/STM32F1xx_HAL_Driver/Src/stm32f1xx_hal_gpio.o
                                      0x7f9cb (size before relaxing)
 .debug_str     0x0000000000081057      0x229 ./Drivers/STM32F1xx_HAL_Driver/Src/stm32f1xx_hal_rcc.o
                                      0x7fa74 (size before relaxing)
 .debug_str     0x0000000000081280      0xdd0 ./Drivers/STM32F1xx_HAL_Driver/Src/stm32f1xx_hal_tim.o
                                      0x80a66 (size before relaxing)
 .debug_str     0x0000000000082050      0x493 ./Drivers/STM32F1xx_HAL_Driver/Src/stm32f1xx_hal_tim_ex.o
                                      0x80282 (size before relaxing)

.debug_frame    0x0000000000000000     0x2a30
 .debug_frame   0x0000000000000000       0xa4 ./Core/Src/button.o
 .debug_frame   0x00000000000000a4      0x138 ./Core/Src/control_led.o
 .debug_frame   0x00000000000001dc       0x48 ./Core/Src/fsm_automatic.o
 .debug_frame   0x0000000000000224       0x2c ./Core/Src/fsm_manual.o
 .debug_frame   0x0000000000000250       0xd4 ./Core/Src/main.o
 .debug_frame   0x0000000000000324       0xf8 ./Core/Src/software_timer.o
 .debug_frame   0x000000000000041c       0x80 ./Core/Src/stm32f1xx_hal_msp.o
 .debug_frame   0x000000000000049c      0x120 ./Core/Src/stm32f1xx_it.o
 .debug_frame   0x00000000000005bc       0x58 ./Core/Src/system_stm32f1xx.o
 .debug_frame   0x0000000000000614      0x334 ./Drivers/STM32F1xx_HAL_Driver/Src/stm32f1xx_hal.o
 .debug_frame   0x0000000000000948      0x428 ./Drivers/STM32F1xx_HAL_Driver/Src/stm32f1xx_hal_cortex.o
 .debug_frame   0x0000000000000d70      0x14c ./Drivers/STM32F1xx_HAL_Driver/Src/stm32f1xx_hal_gpio.o
 .debug_frame   0x0000000000000ebc      0x218 ./Drivers/STM32F1xx_HAL_Driver/Src/stm32f1xx_hal_rcc.o
 .debug_frame   0x00000000000010d4     0x11b8 ./Drivers/STM32F1xx_HAL_Driver/Src/stm32f1xx_hal_tim.o
 .debug_frame   0x000000000000228c      0x638 ./Drivers/STM32F1xx_HAL_Driver/Src/stm32f1xx_hal_tim_ex.o
 .debug_frame   0x00000000000028c4       0x20 C:/ST/STM32CubeIDE_1.14.1/STM32CubeIDE/plugins/com.st.stm32cube.ide.mcu.externaltools.gnu-tools-for-stm32.11.3.rel1.win32_1.1.100.202309141235/tools/bin/../lib/gcc/arm-none-eabi/11.3.1/../../../../arm-none-eabi/lib/thumb/v7-m/nofp\libc_nano.a(libc_a-memset.o)
 .debug_frame   0x00000000000028e4       0x2c C:/ST/STM32CubeIDE_1.14.1/STM32CubeIDE/plugins/com.st.stm32cube.ide.mcu.externaltools.gnu-tools-for-stm32.11.3.rel1.win32_1.1.100.202309141235/tools/bin/../lib/gcc/arm-none-eabi/11.3.1/../../../../arm-none-eabi/lib/thumb/v7-m/nofp\libc_nano.a(libc_a-init.o)
 .debug_frame   0x0000000000002910       0xac C:/ST/STM32CubeIDE_1.14.1/STM32CubeIDE/plugins/com.st.stm32cube.ide.mcu.externaltools.gnu-tools-for-stm32.11.3.rel1.win32_1.1.100.202309141235/tools/bin/../lib/gcc/arm-none-eabi/11.3.1/thumb/v7-m/nofp\libgcc.a(_arm_addsubdf3.o)
 .debug_frame   0x00000000000029bc       0x50 C:/ST/STM32CubeIDE_1.14.1/STM32CubeIDE/plugins/com.st.stm32cube.ide.mcu.externaltools.gnu-tools-for-stm32.11.3.rel1.win32_1.1.100.202309141235/tools/bin/../lib/gcc/arm-none-eabi/11.3.1/thumb/v7-m/nofp\libgcc.a(_arm_muldivdf3.o)
 .debug_frame   0x0000000000002a0c       0x24 C:/ST/STM32CubeIDE_1.14.1/STM32CubeIDE/plugins/com.st.stm32cube.ide.mcu.externaltools.gnu-tools-for-stm32.11.3.rel1.win32_1.1.100.202309141235/tools/bin/../lib/gcc/arm-none-eabi/11.3.1/thumb/v7-m/nofp\libgcc.a(_arm_fixdfsi.o)

.debug_line_str
                0x0000000000000000       0x6f
 .debug_line_str
                0x0000000000000000       0x6f ./Core/Startup/startup_stm32f103c6tx.o
                                         0x87 (size before relaxing)
